{"timestamp": "2026-02-25T00:03:28.116058+00:00", "level": "INFO", "logger": "waveos.cli", "message": "authz principal=local-user role=operator permission=run_pipeline allowed=True"}
{"timestamp": "2026-02-25T00:03:28.355952+00:00", "level": "INFO", "logger": "waveos.cli", "message": "authz principal=local-user role=operator permission=run_pipeline allowed=True"}
{"timestamp": "2026-02-25T00:03:28.361000+00:00", "level": "INFO", "logger": "waveos.actuator", "message": "Actuator action=ActionType.QOS_PRIORITIZATION entity=link/link-1 rationale=Moderate drift detected; prioritize critical traffic."}
{"timestamp": "2026-02-25T00:03:28.361117+00:00", "level": "INFO", "logger": "waveos.actuator", "message": "Actuator action=ActionType.REROUTE entity=link/link-4 rationale=Link health is FAIL; recommend reroute."}
{"timestamp": "2026-02-25T00:03:28.361166+00:00", "level": "INFO", "logger": "waveos.actuator", "message": "Actuator action=ActionType.RATE_LIMIT entity=link/link-4 rationale=Degraded link; reduce load to stabilize."}
{"timestamp": "2026-02-25T00:03:38.078746+00:00", "level": "INFO", "logger": "waveos.cli", "message": "authz principal=local-user role=operator permission=run_pipeline allowed=True"}
{"timestamp": "2026-02-25T00:03:38.332430+00:00", "level": "INFO", "logger": "waveos.cli", "message": "authz principal=local-user role=operator permission=run_pipeline allowed=True"}
{"timestamp": "2026-02-25T00:03:38.337812+00:00", "level": "INFO", "logger": "waveos.actuator", "message": "Actuator action=ActionType.QOS_PRIORITIZATION entity=link/link-1 rationale=Moderate drift detected; prioritize critical traffic."}
{"timestamp": "2026-02-25T00:03:38.337939+00:00", "level": "INFO", "logger": "waveos.actuator", "message": "Actuator action=ActionType.REROUTE entity=link/link-4 rationale=Link health is FAIL; recommend reroute."}
{"timestamp": "2026-02-25T00:03:38.337990+00:00", "level": "INFO", "logger": "waveos.actuator", "message": "Actuator action=ActionType.RATE_LIMIT entity=link/link-4 rationale=Degraded link; reduce load to stabilize."}
{"timestamp": "2026-02-25T00:03:38.592485+00:00", "level": "INFO", "logger": "waveos.cli", "message": "authz principal=local-user role=operator permission=view_reports allowed=True"}
{"timestamp": "2026-02-25T00:03:39.312761+00:00", "level": "INFO", "logger": "waveos.cli", "message": "authz principal=local-user role=operator permission=view_reports allowed=True"}
{"timestamp": "2026-02-25T00:03:39.555818+00:00", "level": "INFO", "logger": "waveos.cli", "message": "authz principal=local-user role=operator permission=view_reports allowed=True"}
{"timestamp": "2026-02-25T00:03:39.798709+00:00", "level": "INFO", "logger": "waveos.cli", "message": "authz principal=local-user role=operator permission=run_pipeline allowed=True"}
{"timestamp": "2026-02-25T00:03:40.041392+00:00", "level": "INFO", "logger": "waveos.cli", "message": "authz principal=local-user role=operator permission=run_pipeline allowed=True"}
{"timestamp": "2026-02-25T00:03:41.317401+00:00", "level": "INFO", "logger": "waveos.cli", "message": "authz principal=local-user role=operator permission=run_pipeline allowed=True"}
{"timestamp": "2026-02-25T00:03:41.580804+00:00", "level": "INFO", "logger": "waveos.cli", "message": "authz principal=local-user role=operator permission=run_pipeline allowed=True"}
{"timestamp": "2026-02-25T00:03:41.936111+00:00", "level": "INFO", "logger": "waveos.coordinator", "message": "Coordinator listening on 0.0.0.0:19998 (DB: /tmp/waveos_chaos_9b9l8pst/coordinator.db)"}
{"timestamp": "2026-02-25T00:03:45.206613+00:00", "level": "WARNING", "logger": "waveos.cli", "message": "Graceful shutdown requested"}
{"timestamp": "2026-02-25T00:13:10.418853+00:00", "level": "INFO", "logger": "waveos.cli", "message": "authz principal=local-user role=operator permission=run_pipeline allowed=True"}
{"timestamp": "2026-02-25T00:13:10.667041+00:00", "level": "INFO", "logger": "waveos.cli", "message": "authz principal=local-user role=operator permission=run_pipeline allowed=True"}
{"timestamp": "2026-02-25T00:13:10.672297+00:00", "level": "INFO", "logger": "waveos.actuator", "message": "Actuator action=ActionType.QOS_PRIORITIZATION entity=link/link-1 rationale=Moderate drift detected; prioritize critical traffic."}
{"timestamp": "2026-02-25T00:13:10.672426+00:00", "level": "INFO", "logger": "waveos.actuator", "message": "Actuator action=ActionType.REROUTE entity=link/link-4 rationale=Link health is FAIL; recommend reroute."}
{"timestamp": "2026-02-25T00:13:10.672477+00:00", "level": "INFO", "logger": "waveos.actuator", "message": "Actuator action=ActionType.RATE_LIMIT entity=link/link-4 rationale=Degraded link; reduce load to stabilize."}
{"timestamp": "2026-02-25T00:13:10.929380+00:00", "level": "INFO", "logger": "waveos.cli", "message": "authz principal=local-user role=operator permission=view_reports allowed=True"}
{"timestamp": "2026-02-25T00:13:11.632943+00:00", "level": "INFO", "logger": "waveos.cli", "message": "authz principal=local-user role=operator permission=view_reports allowed=True"}
{"timestamp": "2026-02-25T00:13:11.872790+00:00", "level": "INFO", "logger": "waveos.cli", "message": "authz principal=local-user role=operator permission=view_reports allowed=True"}
{"timestamp": "2026-02-25T00:13:12.110885+00:00", "level": "INFO", "logger": "waveos.cli", "message": "authz principal=local-user role=operator permission=run_pipeline allowed=True"}
{"timestamp": "2026-02-25T00:13:12.344348+00:00", "level": "INFO", "logger": "waveos.cli", "message": "authz principal=local-user role=operator permission=run_pipeline allowed=True"}
{"timestamp": "2026-02-25T00:13:13.569708+00:00", "level": "INFO", "logger": "waveos.cli", "message": "authz principal=local-user role=operator permission=run_pipeline allowed=True"}
{"timestamp": "2026-02-25T00:13:13.829679+00:00", "level": "INFO", "logger": "waveos.cli", "message": "authz principal=local-user role=operator permission=run_pipeline allowed=True"}
{"timestamp": "2026-02-25T00:13:14.190672+00:00", "level": "INFO", "logger": "waveos.coordinator", "message": "Coordinator listening on 0.0.0.0:19998 (DB: /tmp/waveos_chaos_cxziursq/coordinator.db)"}
{"timestamp": "2026-02-25T00:13:17.455569+00:00", "level": "WARNING", "logger": "waveos.cli", "message": "Graceful shutdown requested"}
{"timestamp": "2026-02-25T00:14:12.105053+00:00", "level": "INFO", "logger": "waveos.cli", "message": "authz principal=local-user role=operator permission=run_pipeline allowed=True"}
{"timestamp": "2026-02-25T00:14:12.361046+00:00", "level": "INFO", "logger": "waveos.cli", "message": "authz principal=local-user role=operator permission=run_pipeline allowed=True"}
{"timestamp": "2026-02-25T00:14:12.366378+00:00", "level": "INFO", "logger": "waveos.actuator", "message": "Actuator action=ActionType.QOS_PRIORITIZATION entity=link/link-1 rationale=Moderate drift detected; prioritize critical traffic."}
{"timestamp": "2026-02-25T00:14:12.366517+00:00", "level": "INFO", "logger": "waveos.actuator", "message": "Actuator action=ActionType.REROUTE entity=link/link-4 rationale=Link health is FAIL; recommend reroute."}
{"timestamp": "2026-02-25T00:14:12.366584+00:00", "level": "INFO", "logger": "waveos.actuator", "message": "Actuator action=ActionType.RATE_LIMIT entity=link/link-4 rationale=Degraded link; reduce load to stabilize."}
{"timestamp": "2026-02-25T00:14:44.209147+00:00", "level": "INFO", "logger": "waveos.cli", "message": "authz principal=local-user role=operator permission=run_pipeline allowed=True"}
{"timestamp": "2026-02-25T00:14:44.502714+00:00", "level": "INFO", "logger": "waveos.cli", "message": "authz principal=local-user role=operator permission=run_pipeline allowed=True"}
{"timestamp": "2026-02-25T00:14:44.508715+00:00", "level": "INFO", "logger": "waveos.actuator", "message": "Actuator action=ActionType.QOS_PRIORITIZATION entity=link/link-1 rationale=Moderate drift detected; prioritize critical traffic."}
{"timestamp": "2026-02-25T00:14:44.508871+00:00", "level": "INFO", "logger": "waveos.actuator", "message": "Actuator action=ActionType.REROUTE entity=link/link-4 rationale=Link health is FAIL; recommend reroute."}
{"timestamp": "2026-02-25T00:14:44.508929+00:00", "level": "INFO", "logger": "waveos.actuator", "message": "Actuator action=ActionType.RATE_LIMIT entity=link/link-4 rationale=Degraded link; reduce load to stabilize."}
{"timestamp": "2026-02-25T00:14:44.807238+00:00", "level": "INFO", "logger": "waveos.cli", "message": "authz principal=local-user role=operator permission=view_reports allowed=True"}
{"timestamp": "2026-02-25T00:14:45.730616+00:00", "level": "INFO", "logger": "waveos.cli", "message": "authz principal=local-user role=operator permission=view_reports allowed=True"}
{"timestamp": "2026-02-25T00:14:46.020604+00:00", "level": "INFO", "logger": "waveos.cli", "message": "authz principal=local-user role=operator permission=view_reports allowed=True"}
{"timestamp": "2026-02-25T00:14:46.307037+00:00", "level": "INFO", "logger": "waveos.cli", "message": "authz principal=local-user role=operator permission=run_pipeline allowed=True"}
{"timestamp": "2026-02-25T00:14:46.614781+00:00", "level": "INFO", "logger": "waveos.cli", "message": "authz principal=local-user role=operator permission=run_pipeline allowed=True"}
{"timestamp": "2026-02-25T00:14:47.940724+00:00", "level": "INFO", "logger": "waveos.cli", "message": "authz principal=local-user role=operator permission=run_pipeline allowed=True"}
{"timestamp": "2026-02-25T00:14:48.234435+00:00", "level": "INFO", "logger": "waveos.cli", "message": "authz principal=local-user role=operator permission=run_pipeline allowed=True"}
{"timestamp": "2026-02-25T00:14:48.639436+00:00", "level": "INFO", "logger": "waveos.coordinator", "message": "Coordinator listening on 0.0.0.0:19998 (DB: /tmp/waveos_chaos_87drgrbp/coordinator.db)"}
{"timestamp": "2026-02-25T00:14:51.885365+00:00", "level": "WARNING", "logger": "waveos.cli", "message": "Graceful shutdown requested"}
{"timestamp": "2026-02-25T00:15:06.793509+00:00", "level": "INFO", "logger": "waveos.cli", "message": "authz principal=local-user role=operator permission=run_pipeline allowed=True"}
{"timestamp": "2026-02-25T00:15:07.082265+00:00", "level": "INFO", "logger": "waveos.cli", "message": "authz principal=local-user role=operator permission=run_pipeline allowed=True"}
{"timestamp": "2026-02-25T00:15:07.087970+00:00", "level": "INFO", "logger": "waveos.actuator", "message": "Actuator action=ActionType.QOS_PRIORITIZATION entity=link/link-1 rationale=Moderate drift detected; prioritize critical traffic."}
{"timestamp": "2026-02-25T00:15:07.088132+00:00", "level": "INFO", "logger": "waveos.actuator", "message": "Actuator action=ActionType.REROUTE entity=link/link-4 rationale=Link health is FAIL; recommend reroute."}
{"timestamp": "2026-02-25T00:15:07.088196+00:00", "level": "INFO", "logger": "waveos.actuator", "message": "Actuator action=ActionType.RATE_LIMIT entity=link/link-4 rationale=Degraded link; reduce load to stabilize."}
{"timestamp": "2026-02-25T00:16:31.792705+00:00", "level": "INFO", "logger": "waveos.cli", "message": "authz principal=local-user role=operator permission=run_pipeline allowed=True"}
{"timestamp": "2026-02-25T00:16:32.065744+00:00", "level": "INFO", "logger": "waveos.cli", "message": "authz principal=local-user role=operator permission=run_pipeline allowed=True"}
{"timestamp": "2026-02-25T00:16:32.071593+00:00", "level": "INFO", "logger": "waveos.actuator", "message": "Actuator action=ActionType.QOS_PRIORITIZATION entity=link/link-1 rationale=Moderate drift detected; prioritize critical traffic."}
{"timestamp": "2026-02-25T00:16:32.071747+00:00", "level": "INFO", "logger": "waveos.actuator", "message": "Actuator action=ActionType.REROUTE entity=link/link-4 rationale=Link health is FAIL; recommend reroute."}
{"timestamp": "2026-02-25T00:16:32.071805+00:00", "level": "INFO", "logger": "waveos.actuator", "message": "Actuator action=ActionType.RATE_LIMIT entity=link/link-4 rationale=Degraded link; reduce load to stabilize."}
{"timestamp": "2026-02-25T00:16:32.344628+00:00", "level": "INFO", "logger": "waveos.cli", "message": "authz principal=local-user role=operator permission=view_reports allowed=True"}
{"timestamp": "2026-02-25T00:16:33.110846+00:00", "level": "INFO", "logger": "waveos.cli", "message": "authz principal=local-user role=operator permission=view_reports allowed=True"}
{"timestamp": "2026-02-25T00:16:33.357530+00:00", "level": "INFO", "logger": "waveos.cli", "message": "authz principal=local-user role=operator permission=view_reports allowed=True"}
{"timestamp": "2026-02-25T00:16:33.608342+00:00", "level": "INFO", "logger": "waveos.cli", "message": "authz principal=local-user role=operator permission=run_pipeline allowed=True"}
{"timestamp": "2026-02-25T00:16:33.857422+00:00", "level": "INFO", "logger": "waveos.cli", "message": "authz principal=local-user role=operator permission=run_pipeline allowed=True"}
{"timestamp": "2026-02-25T00:16:35.308706+00:00", "level": "INFO", "logger": "waveos.cli", "message": "authz principal=local-user role=operator permission=run_pipeline allowed=True"}
{"timestamp": "2026-02-25T00:16:35.577754+00:00", "level": "INFO", "logger": "waveos.cli", "message": "authz principal=local-user role=operator permission=run_pipeline allowed=True"}
{"timestamp": "2026-02-25T00:16:35.943223+00:00", "level": "INFO", "logger": "waveos.coordinator", "message": "Coordinator listening on 0.0.0.0:19998 (DB: /tmp/waveos_chaos_w14nrq61/coordinator.db)"}
{"timestamp": "2026-02-25T00:16:39.192127+00:00", "level": "WARNING", "logger": "waveos.cli", "message": "Graceful shutdown requested"}
{"timestamp": "2026-02-25T00:16:54.561882+00:00", "level": "INFO", "logger": "waveos.cli", "message": "authz principal=local-user role=operator permission=run_pipeline allowed=True"}
{"timestamp": "2026-02-25T00:16:54.844214+00:00", "level": "INFO", "logger": "waveos.cli", "message": "authz principal=local-user role=operator permission=run_pipeline allowed=True"}
{"timestamp": "2026-02-25T00:16:54.850095+00:00", "level": "INFO", "logger": "waveos.actuator", "message": "Actuator action=ActionType.QOS_PRIORITIZATION entity=link/link-1 rationale=Moderate drift detected; prioritize critical traffic."}
{"timestamp": "2026-02-25T00:16:54.850268+00:00", "level": "INFO", "logger": "waveos.actuator", "message": "Actuator action=ActionType.REROUTE entity=link/link-4 rationale=Link health is FAIL; recommend reroute."}
{"timestamp": "2026-02-25T00:16:54.850350+00:00", "level": "INFO", "logger": "waveos.actuator", "message": "Actuator action=ActionType.RATE_LIMIT entity=link/link-4 rationale=Degraded link; reduce load to stabilize."}
{"timestamp": "2026-02-25T00:17:22.924786+00:00", "level": "INFO", "logger": "waveos.cli", "message": "authz principal=local-user role=operator permission=run_pipeline allowed=True"}
{"timestamp": "2026-02-25T00:17:23.185934+00:00", "level": "INFO", "logger": "waveos.cli", "message": "authz principal=local-user role=operator permission=run_pipeline allowed=True"}
{"timestamp": "2026-02-25T00:17:23.191694+00:00", "level": "INFO", "logger": "waveos.actuator", "message": "Actuator action=ActionType.QOS_PRIORITIZATION entity=link/link-1 rationale=Moderate drift detected; prioritize critical traffic."}
{"timestamp": "2026-02-25T00:17:23.191820+00:00", "level": "INFO", "logger": "waveos.actuator", "message": "Actuator action=ActionType.REROUTE entity=link/link-4 rationale=Link health is FAIL; recommend reroute."}
{"timestamp": "2026-02-25T00:17:23.191872+00:00", "level": "INFO", "logger": "waveos.actuator", "message": "Actuator action=ActionType.RATE_LIMIT entity=link/link-4 rationale=Degraded link; reduce load to stabilize."}
{"timestamp": "2026-02-25T00:17:23.470508+00:00", "level": "INFO", "logger": "waveos.cli", "message": "authz principal=local-user role=operator permission=view_reports allowed=True"}
{"timestamp": "2026-02-25T00:17:24.247988+00:00", "level": "INFO", "logger": "waveos.cli", "message": "authz principal=local-user role=operator permission=view_reports allowed=True"}
{"timestamp": "2026-02-25T00:17:24.504981+00:00", "level": "INFO", "logger": "waveos.cli", "message": "authz principal=local-user role=operator permission=view_reports allowed=True"}
{"timestamp": "2026-02-25T00:17:24.762370+00:00", "level": "INFO", "logger": "waveos.cli", "message": "authz principal=local-user role=operator permission=run_pipeline allowed=True"}
{"timestamp": "2026-02-25T00:17:25.015699+00:00", "level": "INFO", "logger": "waveos.cli", "message": "authz principal=local-user role=operator permission=run_pipeline allowed=True"}
{"timestamp": "2026-02-25T00:17:26.348696+00:00", "level": "INFO", "logger": "waveos.cli", "message": "authz principal=local-user role=operator permission=run_pipeline allowed=True"}
{"timestamp": "2026-02-25T00:17:26.606542+00:00", "level": "INFO", "logger": "waveos.cli", "message": "authz principal=local-user role=operator permission=run_pipeline allowed=True"}
{"timestamp": "2026-02-25T00:17:26.999002+00:00", "level": "INFO", "logger": "waveos.coordinator", "message": "Coordinator listening on 0.0.0.0:19998 (DB: /tmp/waveos_chaos_wkpfffz4/coordinator.db)"}
{"timestamp": "2026-02-25T00:17:30.231751+00:00", "level": "WARNING", "logger": "waveos.cli", "message": "Graceful shutdown requested"}
{"timestamp": "2026-02-25T00:17:50.054245+00:00", "level": "INFO", "logger": "waveos.cli", "message": "authz principal=local-user role=operator permission=run_pipeline allowed=True"}
{"timestamp": "2026-02-25T00:17:50.382507+00:00", "level": "INFO", "logger": "waveos.cli", "message": "authz principal=local-user role=operator permission=run_pipeline allowed=True"}
{"timestamp": "2026-02-25T00:17:50.390024+00:00", "level": "INFO", "logger": "waveos.actuator", "message": "Actuator action=ActionType.QOS_PRIORITIZATION entity=link/link-1 rationale=Moderate drift detected; prioritize critical traffic."}
{"timestamp": "2026-02-25T00:17:50.390264+00:00", "level": "INFO", "logger": "waveos.actuator", "message": "Actuator action=ActionType.REROUTE entity=link/link-4 rationale=Link health is FAIL; recommend reroute."}
{"timestamp": "2026-02-25T00:17:50.390322+00:00", "level": "INFO", "logger": "waveos.actuator", "message": "Actuator action=ActionType.RATE_LIMIT entity=link/link-4 rationale=Degraded link; reduce load to stabilize."}
{"timestamp": "2026-02-25T00:17:50.693965+00:00", "level": "INFO", "logger": "waveos.cli", "message": "authz principal=local-user role=operator permission=view_reports allowed=True"}
{"timestamp": "2026-02-25T00:17:51.478787+00:00", "level": "INFO", "logger": "waveos.cli", "message": "authz principal=local-user role=operator permission=view_reports allowed=True"}
{"timestamp": "2026-02-25T00:17:51.735173+00:00", "level": "INFO", "logger": "waveos.cli", "message": "authz principal=local-user role=operator permission=view_reports allowed=True"}
{"timestamp": "2026-02-25T00:17:51.997182+00:00", "level": "INFO", "logger": "waveos.cli", "message": "authz principal=local-user role=operator permission=run_pipeline allowed=True"}
{"timestamp": "2026-02-25T00:17:52.288468+00:00", "level": "INFO", "logger": "waveos.cli", "message": "authz principal=local-user role=operator permission=run_pipeline allowed=True"}
{"timestamp": "2026-02-25T00:17:53.602703+00:00", "level": "INFO", "logger": "waveos.cli", "message": "authz principal=local-user role=operator permission=run_pipeline allowed=True"}
{"timestamp": "2026-02-25T00:17:53.866796+00:00", "level": "INFO", "logger": "waveos.cli", "message": "authz principal=local-user role=operator permission=run_pipeline allowed=True"}
{"timestamp": "2026-02-25T00:17:54.213528+00:00", "level": "INFO", "logger": "waveos.coordinator", "message": "Coordinator listening on 0.0.0.0:19998 (DB: /tmp/waveos_chaos_lpsb0us0/coordinator.db)"}
{"timestamp": "2026-02-25T00:17:57.488582+00:00", "level": "WARNING", "logger": "waveos.cli", "message": "Graceful shutdown requested"}
{"timestamp": "2026-02-25T00:18:03.330413+00:00", "level": "INFO", "logger": "waveos.cli", "message": "authz principal=local-user role=operator permission=run_pipeline allowed=True"}
{"timestamp": "2026-02-25T00:18:03.642685+00:00", "level": "INFO", "logger": "waveos.cli", "message": "authz principal=local-user role=operator permission=run_pipeline allowed=True"}
{"timestamp": "2026-02-25T00:18:03.649627+00:00", "level": "INFO", "logger": "waveos.actuator", "message": "Actuator action=ActionType.QOS_PRIORITIZATION entity=link/link-1 rationale=Moderate drift detected; prioritize critical traffic."}
{"timestamp": "2026-02-25T00:18:03.649785+00:00", "level": "INFO", "logger": "waveos.actuator", "message": "Actuator action=ActionType.REROUTE entity=link/link-4 rationale=Link health is FAIL; recommend reroute."}
{"timestamp": "2026-02-25T00:18:03.649842+00:00", "level": "INFO", "logger": "waveos.actuator", "message": "Actuator action=ActionType.RATE_LIMIT entity=link/link-4 rationale=Degraded link; reduce load to stabilize."}
